Breakpoint 1 at
Breakpoint 1, in hello_world
#0 in hello_world
#1 in main
